[sweep] 54 cells x 40 trials (0 already done)
[1/54] beta=0.1|budget_per_step=3|payload_strategy=stealth|topology=ba  edge=+23.8% (2.8s)
[2/54] beta=0.1|budget_per_step=5|payload_strategy=stealth|topology=ba  edge=+7.9% (2.7s)
[3/54] beta=0.1|budget_per_step=8|payload_strategy=stealth|topology=ba  edge=+7.7% (2.7s)
[4/54] beta=0.1|budget_per_step=3|payload_strategy=popular|topology=ba  edge=+49.5% (2.9s)
[5/54] beta=0.1|budget_per_step=5|payload_strategy=popular|topology=ba  edge=+0.9% (2.8s)
[6/54] beta=0.1|budget_per_step=8|payload_strategy=popular|topology=ba  edge=-2.7% (2.8s)
[7/54] beta=0.15|budget_per_step=3|payload_strategy=stealth|topology=ba  edge=+44.3% (2.7s)
[8/54] beta=0.15|budget_per_step=5|payload_strategy=stealth|topology=ba  edge=+9.8% (2.7s)
[9/54] beta=0.15|budget_per_step=8|payload_strategy=stealth|topology=ba  edge=+7.9% (2.7s)
[10/54] beta=0.15|budget_per_step=3|payload_strategy=popular|topology=ba  edge=+37.0% (3.1s)
[11/54] beta=0.15|budget_per_step=5|payload_strategy=popular|topology=ba  edge=+16.8% (2.8s)
[12/54] beta=0.15|budget_per_step=8|payload_strategy=popular|topology=ba  edge=+4.3% (2.8s)
[13/54] beta=0.22|budget_per_step=3|payload_strategy=stealth|topology=ba  edge=+69.1% (3.0s)
[14/54] beta=0.22|budget_per_step=5|payload_strategy=stealth|topology=ba  edge=+25.7% (2.7s)
[15/54] beta=0.22|budget_per_step=8|payload_strategy=stealth|topology=ba  edge=+15.2% (2.8s)
[16/54] beta=0.22|budget_per_step=3|payload_strategy=popular|topology=ba  edge=+25.9% (3.8s)
[17/54] beta=0.22|budget_per_step=5|payload_strategy=popular|topology=ba  edge=+25.7% (3.1s)
[18/54] beta=0.22|budget_per_step=8|payload_strategy=popular|topology=ba  edge=+16.7% (2.8s)
[19/54] beta=0.1|budget_per_step=3|payload_strategy=stealth|topology=ws  edge=+3.6% (2.9s)
[20/54] beta=0.1|budget_per_step=5|payload_strategy=stealth|topology=ws  edge=+5.2% (2.8s)
[21/54] beta=0.1|budget_per_step=8|payload_strategy=stealth|topology=ws  edge=+4.3% (2.8s)
[22/54] beta=0.1|budget_per_step=3|payload_strategy=popular|topology=ws  edge=+5.9% (2.9s)
[23/54] beta=0.1|budget_per_step=5|payload_strategy=popular|topology=ws  edge=+4.0% (2.9s)
[24/54] beta=0.1|budget_per_step=8|payload_strategy=popular|topology=ws  edge=+1.3% (2.9s)
[25/54] beta=0.15|budget_per_step=3|payload_strategy=stealth|topology=ws  edge=+14.0% (2.8s)
[26/54] beta=0.15|budget_per_step=5|payload_strategy=stealth|topology=ws  edge=+9.8% (2.8s)
[27/54] beta=0.15|budget_per_step=8|payload_strategy=stealth|topology=ws  edge=+7.6% (2.8s)
[28/54] beta=0.15|budget_per_step=3|payload_strategy=popular|topology=ws  edge=+35.6% (3.0s)
[29/54] beta=0.15|budget_per_step=5|payload_strategy=popular|topology=ws  edge=+3.6% (2.9s)
[30/54] beta=0.15|budget_per_step=8|payload_strategy=popular|topology=ws  edge=+5.3% (3.1s)
[31/54] beta=0.22|budget_per_step=3|payload_strategy=stealth|topology=ws  edge=+14.8% (2.8s)
[32/54] beta=0.22|budget_per_step=5|payload_strategy=stealth|topology=ws  edge=+11.7% (2.8s)
[33/54] beta=0.22|budget_per_step=8|payload_strategy=stealth|topology=ws  edge=+11.4% (2.8s)
[34/54] beta=0.22|budget_per_step=3|payload_strategy=popular|topology=ws  edge=+23.8% (3.2s)
[35/54] beta=0.22|budget_per_step=5|payload_strategy=popular|topology=ws  edge=+0.0% (3.0s)
[36/54] beta=0.22|budget_per_step=8|payload_strategy=popular|topology=ws  edge=+5.2% (2.9s)
[37/54] beta=0.1|budget_per_step=3|payload_strategy=stealth|topology=rgg  edge=+37.4% (8.5s)
[38/54] beta=0.1|budget_per_step=5|payload_strategy=stealth|topology=rgg  edge=+26.2% (4.0s)
[39/54] beta=0.1|budget_per_step=8|payload_strategy=stealth|topology=rgg  edge=+14.8% (4.2s)
[40/54] beta=0.1|budget_per_step=3|payload_strategy=popular|topology=rgg  edge=+8.6% (5.5s)
[41/54] beta=0.1|budget_per_step=5|payload_strategy=popular|topology=rgg  edge=+28.0% (4.6s)
[42/54] beta=0.1|budget_per_step=8|payload_strategy=popular|topology=rgg  edge=+16.2% (4.2s)
[43/54] beta=0.15|budget_per_step=3|payload_strategy=stealth|topology=rgg  edge=+56.2% (4.2s)
[44/54] beta=0.15|budget_per_step=5|payload_strategy=stealth|topology=rgg  edge=+40.2% (4.0s)
[45/54] beta=0.15|budget_per_step=8|payload_strategy=stealth|topology=rgg  edge=+30.5% (3.8s)
[46/54] beta=0.15|budget_per_step=3|payload_strategy=popular|topology=rgg  edge=+13.1% (4.9s)
[47/54] beta=0.15|budget_per_step=5|payload_strategy=popular|topology=rgg  edge=+33.7% (4.3s)
[48/54] beta=0.15|budget_per_step=8|payload_strategy=popular|topology=rgg  edge=+36.9% (4.0s)
[49/54] beta=0.22|budget_per_step=3|payload_strategy=stealth|topology=rgg  edge=+54.0% (4.1s)
[50/54] beta=0.22|budget_per_step=5|payload_strategy=stealth|topology=rgg  edge=+51.7% (3.9s)
[51/54] beta=0.22|budget_per_step=8|payload_strategy=stealth|topology=rgg  edge=+46.1% (3.8s)
[52/54] beta=0.22|budget_per_step=3|payload_strategy=popular|topology=rgg  edge=+11.8% (5.0s)
[53/54] beta=0.22|budget_per_step=5|payload_strategy=popular|topology=rgg  edge=+16.9% (4.7s)
[54/54] beta=0.22|budget_per_step=8|payload_strategy=popular|topology=rgg  edge=+27.6% (4.0s)
[sweep] complete.
